\BOOKMARK [0][-]{bookmarkcover1.0}{\376\377\213\272\145\207\134\001\227\142}{}% 1
\BOOKMARK [0][-]{bookmarkzhtitlepage2.0}{\376\377\116\055\145\207\142\111\230\165}{}% 2
\BOOKMARK [0][-]{bookmarkentitlepage3.0}{\376\377\202\361\145\207\142\111\230\165}{}% 3
\BOOKMARK [0][-]{bookmarkdeclaration4.0}{\376\377\162\354\122\033\140\047\130\360\146\016}{}% 4
\BOOKMARK [0][-]{bookmarkzhabstractI.0}{\376\377\144\130\000\040\211\201}{}% 5
\BOOKMARK [0][-]{bookmarkabstractII.0}{\376\377\000A\000B\000S\000T\000R\000A\000C\000T}{}% 6
\BOOKMARK [0][-]{bookmarktocIII.0}{\376\377\166\356\000\040\137\125}{}% 7
\BOOKMARK [0][-]{bookmarklofVI.0}{\376\377\126\376\166\356\137\125}{}% 8
\BOOKMARK [0][-]{chapter.1}{\376\377\173\054\116\000\172\340\000\040\176\352\213\272}{}% 9
\BOOKMARK [1][-]{section.1.1}{\376\377\0001\000.\0001\000\040\170\024\172\166\135\345\117\134\166\204\200\314\146\157\116\016\141\017\116\111}{chapter.1}% 10
\BOOKMARK [1][-]{section.1.2}{\376\377\0001\000.\0002\000\040\126\375\121\205\131\026\170\024\172\166\200\314\146\157\116\016\163\260\162\266}{chapter.1}% 11
\BOOKMARK [2][-]{subsection.1.2.1}{\376\377\0001\000.\0002\000.\0001\000\040\206\132\142\337\123\026\142\200\147\057\170\024\172\166\163\260\162\266}{section.1.2}% 12
\BOOKMARK [2][-]{subsection.1.2.2}{\376\377\0001\000.\0002\000.\0002\000\040\127\372\116\216\170\154\116\366\206\132\142\337\123\026\142\151\134\125\166\204\000T\000E\000E\147\204\136\372\147\072\122\066\170\024\172\166\163\260\162\266}{section.1.2}% 13
\BOOKMARK [2][-]{subsection.1.2.3}{\376\377\0001\000.\0002\000.\0003\000\040\127\372\116\216\143\007\116\344\226\306\133\211\121\150\162\171\140\047\166\204\147\266\147\204\176\247\000T\000E\000E\170\024\172\166\163\260\162\266}{section.1.2}% 14
\BOOKMARK [3][-]{subsubsection.1.2.3.1}{\376\377\0001\000.\0002\000.\0003\000.\0001\000\040\227\142\124\021\000x\0008\0006\147\266\147\204\166\204\170\154\116\366\147\072\133\306\213\241\173\227\121\163\225\056\142\200\147\057\170\024\172\166}{subsection.1.2.3}% 15
\BOOKMARK [3][-]{subsubsection.1.2.3.2}{\376\377\0001\000.\0002\000.\0003\000.\0002\000\040\127\372\116\216\000A\000R\000M\147\266\147\204\166\204\133\211\121\150\142\151\134\125\116\016\000T\000E\000E\226\224\171\273\142\200\147\057\170\024\172\166}{subsection.1.2.3}% 16
\BOOKMARK [3][-]{subsubsection.1.2.3.3}{\376\377\0001\000.\0002\000.\0003\000.\0003\000\040\127\372\116\216\000R\000I\000S\000C\000-\000V\137\000\145\076\147\266\147\204\166\204\123\357\133\232\122\066\000T\000E\000E\170\024\172\166\163\260\162\266}{subsection.1.2.3}% 17
\BOOKMARK [2][-]{subsection.1.2.4}{\376\377\0001\000.\0002\000.\0004\000\040\137\002\147\204\213\241\173\227\163\257\130\203\116\013\000G\000P\000U\000-\000T\000E\000E\133\211\121\150\226\224\171\273\116\016\226\062\142\244\142\200\147\057\170\024\172\166}{section.1.2}% 18
\BOOKMARK [1][-]{section.1.3}{\376\377\0001\000.\0003\000\040\147\054\145\207\116\073\211\201\215\041\163\056\124\214\122\033\145\260}{chapter.1}% 19
\BOOKMARK [1][-]{section.1.4}{\376\377\0001\000.\0004\000\040\213\272\145\207\176\323\147\204}{chapter.1}% 20
\BOOKMARK [0][-]{chapter.2}{\376\377\173\054\116\214\172\340\000\040\166\370\121\163\142\200\147\057\164\006\213\272\151\202\213\272}{}% 21
\BOOKMARK [1][-]{section.2.1}{\376\377\0002\000.\0001\000\040\000R\000I\000S\000C\000-\000V\200\314\146\157\167\345\213\306}{chapter.2}% 22
\BOOKMARK [2][-]{subsection.2.1.1}{\376\377\0002\000.\0001\000.\0001\000\040\000R\000I\000S\000C\000-\000V\162\171\147\103\176\247\116\313\176\315}{section.2.1}% 23
\BOOKMARK [2][-]{subsection.2.1.2}{\376\377\0002\000.\0001\000.\0002\000\040\000R\000I\000S\000C\000-\000V\116\055\145\255\116\016\137\002\136\070\131\004\164\006\147\072\122\066\116\313\176\315}{section.2.1}% 24
\BOOKMARK [2][-]{subsection.2.1.3}{\376\377\0002\000.\0001\000.\0003\000\040\000R\000I\000S\000C\000-\000V\121\205\133\130\117\335\142\244\147\072\122\066\116\313\176\315}{section.2.1}% 25
\BOOKMARK [3][-]{subsubsection.2.1.3.1}{\376\377\0002\000.\0001\000.\0003\000.\0001\000\040\162\151\164\006\121\205\133\130\117\335\142\244\377\010\000P\000M\000P\377\011\147\072\122\066}{subsection.2.1.3}% 26
\BOOKMARK [3][-]{subsubsection.2.1.3.2}{\376\377\0002\000.\0001\000.\0003\000.\0002\000\040\130\236\137\072\166\204\162\151\164\006\121\205\133\130\117\335\142\244\377\010\000S\000m\000e\000p\000m\000p\377\011\147\072\122\066}{subsection.2.1.3}% 27
\BOOKMARK [3][-]{subsubsection.2.1.3.3}{\376\377\0002\000.\0001\000.\0003\000.\0003\000\040\000I\000/\000O\162\151\164\006\121\205\133\130\117\335\142\244\377\010\000I\000O\000P\000M\000P\377\011\147\072\122\066}{subsection.2.1.3}% 28
\BOOKMARK [2][-]{subsection.2.1.4}{\376\377\0002\000.\0001\000.\0004\000\040\000R\000I\000S\000C\000-\000V\170\154\116\366\206\132\142\337\123\026\142\323\134\125\377\010\000H\000-\000e\000x\000t\000e\000n\000s\000i\000o\000n\377\011\116\313\176\315}{section.2.1}% 29
\BOOKMARK [1][-]{section.2.2}{\376\377\0002\000.\0002\000\040\000T\000E\000E\166\370\121\163\142\200\147\057\116\313\176\315}{chapter.2}% 30
\BOOKMARK [2][-]{subsection.2.2.1}{\376\377\0002\000.\0002\000.\0001\000\040\127\372\116\216\143\007\116\344\226\306\166\204\000T\000E\000E\122\006\174\173}{section.2.2}% 31
\BOOKMARK [2][-]{subsection.2.2.2}{\376\377\0002\000.\0002\000.\0002\000\040\127\372\116\216\123\357\117\341\127\337\142\275\214\141\166\204\000T\000E\000E\122\006\174\173}{section.2.2}% 32
\BOOKMARK [2][-]{subsection.2.2.3}{\376\377\0002\000.\0002\000.\0003\000\040\227\142\124\021\137\002\147\204\213\241\173\227\163\257\130\203\166\204\000T\000E\000E}{section.2.2}% 33
\BOOKMARK [1][-]{section.2.3}{\376\377\0002\000.\0003\000\040\137\256\121\205\150\070\166\370\121\163\167\345\213\306\116\313\176\315}{chapter.2}% 34
\BOOKMARK [2][-]{subsection.2.3.1}{\376\377\0002\000.\0003\000.\0001\000\040\137\256\121\205\150\070\144\315\117\134\174\373\176\337\000E\000a\000s\000y\000A\000d\000a\116\313\176\315}{section.2.3}% 35
\BOOKMARK [2][-]{subsection.2.3.2}{\376\377\0002\000.\0003\000.\0002\000\040\137\256\121\205\150\070\206\132\142\337\123\026\145\271\150\110\000E\000a\000s\000y\000A\000d\000a\000-\000h\000y\000p\000e\000r\000v\000i\000s\000o\000r}{section.2.3}% 36
\BOOKMARK [1][-]{section.2.4}{\376\377\0002\000.\0004\000\040\000R\000u\000s\000t\166\370\121\163\167\345\213\306\116\313\176\315}{chapter.2}% 37
\BOOKMARK [0][-]{chapter.3}{\376\377\173\054\116\011\172\340\000\040\127\372\116\216\000R\000I\000S\000C\000-\000V\166\204\137\256\121\205\150\070\206\132\142\337\123\026\145\271\150\110\213\276\213\241}{}% 38
\BOOKMARK [1][-]{section.3.1}{\376\377\0003\000.\0001\000\040\213\276\213\241\166\356\150\007\124\214\227\000\154\102\122\006\147\220}{chapter.3}% 39
\BOOKMARK [1][-]{section.3.2}{\376\377\0003\000.\0002\000\040\000E\000a\000s\000y\000A\000d\000a\000-\000t\000r\000u\000s\000t\135\345\117\134\155\101}{chapter.3}% 40
\BOOKMARK [1][-]{section.3.3}{\376\377\0003\000.\0003\000\040\132\001\200\301\152\041\127\213}{chapter.3}% 41
\BOOKMARK [1][-]{section.3.4}{\376\377\0003\000.\0004\000\040\000E\000a\000s\000y\000A\000d\000a\000-\000t\000r\000u\000s\000t\213\346\176\306\213\276\213\241}{chapter.3}% 42
\BOOKMARK [2][-]{subsection.3.4.1}{\376\377\0003\000.\0004\000.\0001\000\040\140\073\117\123\213\276\213\241}{section.3.4}% 43
\BOOKMARK [2][-]{subsection.3.4.2}{\376\377\0003\000.\0004\000.\0002\000\040\133\211\121\150\166\321\211\306\126\150\000E\000a\000s\000y\000A\000d\000a\000-\000S\000M\213\276\213\241}{section.3.4}% 44
\BOOKMARK [3][-]{subsubsection.3.4.2.1}{\376\377\0003\000.\0004\000.\0002\000.\0001\000\040\213\276\213\241\166\356\150\007}{subsection.3.4.2}% 45
\BOOKMARK [3][-]{subsubsection.3.4.2.2}{\376\377\0003\000.\0004\000.\0002\000.\0002\000\040\121\205\133\130\122\006\174\173}{subsection.3.4.2}% 46
\BOOKMARK [3][-]{subsubsection.3.4.2.3}{\376\377\0003\000.\0004\000.\0002\000.\0003\000\040\152\041\127\127\123\026\124\214\122\006\134\102\213\276\213\241}{subsection.3.4.2}% 47
\BOOKMARK [2][-]{subsection.3.4.3}{\376\377\0003\000.\0004\000.\0003\000\040\133\211\121\150\162\171\140\047\213\276\213\241}{section.3.4}% 48
\BOOKMARK [3][-]{subsubsection.3.4.3.1}{\376\377\0003\000.\0004\000.\0003\000.\0001\000\040\133\211\121\150\124\057\122\250}{subsection.3.4.3}% 49
\BOOKMARK [3][-]{subsubsection.3.4.3.2}{\376\377\0003\000.\0004\000.\0003\000.\0002\000\040\133\211\121\150\000C\000P\000U\206\132\142\337\123\026}{subsection.3.4.3}% 50
\BOOKMARK [3][-]{subsubsection.3.4.3.3}{\376\377\0003\000.\0004\000.\0003\000.\0003\000\040\133\211\121\150\121\205\133\130\206\132\142\337\123\026}{subsection.3.4.3}% 51
\BOOKMARK [3][-]{subsubsection.3.4.3.4}{\376\377\0003\000.\0004\000.\0003\000.\0004\000\040\133\211\121\150\116\055\145\255\206\132\142\337\123\026}{subsection.3.4.3}% 52
\BOOKMARK [3][-]{subsubsection.3.4.3.5}{\376\377\0003\000.\0004\000.\0003\000.\0005\000\040\133\211\121\150\000I\000/\000O\206\132\142\337\123\026}{subsection.3.4.3}% 53
\BOOKMARK [3][-]{subsubsection.3.4.3.6}{\376\377\0003\000.\0004\000.\0003\000.\0006\000\040\133\211\121\150\137\002\147\204\213\241\173\227\163\257\130\203\213\276\213\241}{subsection.3.4.3}% 54
\BOOKMARK [1][-]{section.3.5}{\376\377\0003\000.\0005\000\040\147\054\172\340\134\017\176\323}{chapter.3}% 55
\BOOKMARK [0][-]{chapter.4}{\376\377\173\054\126\333\172\340\000\040\127\372\116\216\000R\000u\000s\000t\166\204\121\205\133\130\133\211\121\150\126\372\116\366\133\236\163\260}{}% 56
\BOOKMARK [1][-]{section.4.1}{\376\377\0004\000.\0001\000\040\121\205\133\130\133\211\121\150\126\372\116\366}{chapter.4}% 57
\BOOKMARK [1][-]{section.4.2}{\376\377\0004\000.\0002\000\040\133\211\121\150\123\072\127\337\124\214\121\205\133\130\173\241\164\006\134\102\000S\000R\000M\000M\133\236\163\260}{chapter.4}% 58
\BOOKMARK [2][-]{subsection.4.2.1}{\376\377\0004\000.\0002\000.\0001\000\040\121\205\133\130\173\241\164\006\123\237\213\355}{section.4.2}% 59
\BOOKMARK [3][-]{subsubsection.4.2.1.1}{\376\377\0004\000.\0002\000.\0001\000.\0001\000\040\127\372\116\216\172\172\122\006\221\115\173\227\154\325\166\204\123\237\213\355\133\236\163\260}{subsection.4.2.1}% 60
\BOOKMARK [3][-]{subsubsection.4.2.1.2}{\376\377\0004\000.\0002\000.\0001\000.\0002\000\040\127\372\116\216\117\031\117\064\122\006\221\115\173\227\154\325\166\204\123\237\213\355\133\236\163\260}{subsection.4.2.1}% 61
\BOOKMARK [3][-]{subsubsection.4.2.1.3}{\376\377\0004\000.\0002\000.\0001\000.\0003\000\040\127\372\116\216\116\000\153\041\140\047\122\006\221\115\126\150\166\204\123\237\213\355\133\236\163\260}{subsection.4.2.1}% 62
\BOOKMARK [3][-]{subsubsection.4.2.1.4}{\376\377\0004\000.\0002\000.\0001\000.\0004\000\040\127\372\116\216\230\165\122\006\221\115\126\150\166\204\123\237\213\355\133\236\163\260}{subsection.4.2.1}% 63
\BOOKMARK [2][-]{subsection.4.2.2}{\376\377\0004\000.\0002\000.\0002\000\040\121\205\133\130\117\335\142\244\123\237\213\355}{section.4.2}% 64
\BOOKMARK [3][-]{subsubsection.4.2.2.1}{\376\377\0004\000.\0002\000.\0002\000.\0001\000\040\127\372\116\216\000P\000M\000P\166\204\121\205\133\130\117\335\142\244\123\237\213\355\133\236\163\260}{subsection.4.2.2}% 65
\BOOKMARK [2][-]{subsection.4.2.3}{\376\377\0004\000.\0002\000.\0003\000\040\133\211\121\150\121\205\133\130\173\241\164\006\123\237\213\355}{section.4.2}% 66
\BOOKMARK [3][-]{subsubsection.4.2.3.1}{\376\377\0004\000.\0002\000.\0003\000.\0001\000\040\227\142\124\021\220\032\165\050\000e\000n\000c\000l\000a\000v\000e\220\350\177\162\127\072\146\157\166\204\133\211\121\150\121\205\133\130\173\241\164\006\123\237\213\355\133\236\163\260}{subsection.4.2.3}% 67
\BOOKMARK [1][-]{section.4.3}{\376\377\0004\000.\0003\000\040\227\142\124\021\000C\000V\000M\166\204\000e\000n\000c\000l\000a\000v\000e\173\241\164\006\152\041\127\127\133\236\163\260}{chapter.4}% 68
\BOOKMARK [2][-]{subsection.4.3.1}{\376\377\0004\000.\0003\000.\0001\000\040\000E\000n\000c\000l\000a\000v\000e\225\364\121\205\133\130\133\211\121\150}{section.4.3}% 69
\BOOKMARK [2][-]{subsection.4.3.2}{\376\377\0004\000.\0003\000.\0002\000\040\133\211\121\150\124\057\122\250}{section.4.3}% 70
\BOOKMARK [2][-]{subsection.4.3.3}{\376\377\0004\000.\0003\000.\0003\000\040\116\055\145\255\124\214\137\002\136\070\133\211\121\150}{section.4.3}% 71
\BOOKMARK [3][-]{subsubsection.4.3.3.1}{\376\377\0004\000.\0003\000.\0003\000.\0001\000\040\147\072\133\306\155\101\124\214\227\136\147\072\133\306\155\101}{subsection.4.3.3}% 72
\BOOKMARK [2][-]{subsection.4.3.4}{\376\377\0004\000.\0003\000.\0004\000\040\000I\000O\000P\000M\000P\173\241\164\006}{section.4.3}% 73
\BOOKMARK [1][-]{section.4.4}{\376\377\0004\000.\0004\000\040\147\054\172\340\134\017\176\323}{chapter.4}% 74
\BOOKMARK [0][-]{chapter.5}{\376\377\173\054\116\224\172\340\000\040\127\372\116\216\137\256\121\205\150\070\166\204\123\357\117\341\206\132\142\337\123\026\145\271\150\110\133\236\163\260}{}% 75
\BOOKMARK [1][-]{section.5.1}{\376\377\0005\000.\0001\000\040\133\211\121\150\000C\000P\000U\206\132\142\337\123\026\133\236\163\260}{chapter.5}% 76
\BOOKMARK [2][-]{subsection.5.1.1}{\376\377\0005\000.\0001\000.\0001\000\040\133\211\121\150\116\012\116\013\145\207\173\241\164\006}{section.5.1}% 77
\BOOKMARK [3][-]{subsubsection.5.1.1.1}{\376\377\0005\000.\0001\000.\0001\000.\0001\000\040\133\211\121\150\116\012\116\013\145\207\122\007\143\142}{subsection.5.1.1}% 78
\BOOKMARK [2][-]{subsection.5.1.2}{\376\377\0005\000.\0001\000.\0002\000\040\133\211\121\150\137\002\136\070\131\004\164\006}{section.5.1}% 79
\BOOKMARK [1][-]{section.5.2}{\376\377\0005\000.\0002\000\040\133\211\121\150\121\205\133\130\206\132\142\337\123\026\133\236\163\260}{chapter.5}% 80
\BOOKMARK [2][-]{subsection.5.2.1}{\376\377\0005\000.\0002\000.\0001\000\040\133\211\121\150\123\072\127\337\165\037\124\175\124\150\147\037\173\241\164\006}{section.5.2}% 81
\BOOKMARK [3][-]{subsubsection.5.2.1.1}{\376\377\0005\000.\0002\000.\0001\000.\0001\000\040\133\211\121\150\123\072\127\337\122\033\136\372}{subsection.5.2.1}% 82
\BOOKMARK [3][-]{subsubsection.5.2.1.2}{\376\377\0005\000.\0002\000.\0001\000.\0002\000\040\133\211\121\150\123\072\127\337\122\006\221\115}{subsection.5.2.1}% 83
\BOOKMARK [3][-]{subsubsection.5.2.1.3}{\376\377\0005\000.\0002\000.\0001\000.\0003\000\040\133\211\121\150\123\072\127\337\126\336\145\066}{subsection.5.2.1}% 84
\BOOKMARK [2][-]{subsection.5.2.2}{\376\377\0005\000.\0002\000.\0002\000\040\116\015\123\357\117\341\121\161\116\253\121\205\133\130\146\040\134\004}{section.5.2}% 85
\BOOKMARK [1][-]{section.5.3}{\376\377\0005\000.\0003\000\040\133\211\121\150\000I\000/\000O\206\132\142\337\123\026\133\236\163\260}{chapter.5}% 86
\BOOKMARK [2][-]{subsection.5.3.1}{\376\377\0005\000.\0003\000.\0001\000\040\133\211\121\150\213\276\131\007\173\241\164\006}{section.5.3}% 87
\BOOKMARK [2][-]{subsection.5.3.2}{\376\377\0005\000.\0003\000.\0002\000\040\145\160\143\156\117\177\165\050\163\257\130\203\117\335\142\244}{section.5.3}% 88
\BOOKMARK [2][-]{subsection.5.3.3}{\376\377\0005\000.\0003\000.\0003\000\040\000C\000P\000U\117\247\000I\000/\000O\145\160\143\156\133\211\121\150}{section.5.3}% 89
\BOOKMARK [2][-]{subsection.5.3.4}{\376\377\0005\000.\0003\000.\0004\000\040\213\276\131\007\117\247\000I\000/\000O\145\160\143\156\133\211\121\150}{section.5.3}% 90
\BOOKMARK [1][-]{section.5.4}{\376\377\0005\000.\0004\000\040\147\072\133\306\137\002\147\204\213\241\173\227\163\257\130\203\133\236\163\260}{chapter.5}% 91
\BOOKMARK [2][-]{subsection.5.4.1}{\376\377\0005\000.\0004\000.\0001\000\040\170\154\116\366\122\240\220\037\126\150\166\204\117\335\142\244}{section.5.4}% 92
\BOOKMARK [2][-]{subsection.5.4.2}{\376\377\0005\000.\0004\000.\0002\000\040\122\240\220\037\126\150\173\241\164\006\000C\000V\000M\122\035\131\313\123\026}{section.5.4}% 93
\BOOKMARK [2][-]{subsection.5.4.3}{\376\377\0005\000.\0004\000.\0003\000\040\136\372\172\313\117\341\220\123}{section.5.4}% 94
\BOOKMARK [1][-]{section.5.5}{\376\377\0005\000.\0005\000\040\147\054\172\340\134\017\176\323}{chapter.5}% 95
\BOOKMARK [0][-]{chapter.6}{\376\377\173\054\121\155\172\340\000\040\174\373\176\337\155\113\213\325\116\016\122\006\147\220}{}% 96
\BOOKMARK [0][-]{chapter.7}{\376\377\173\054\116\003\172\340\000\040\140\073\176\323\124\214\134\125\147\033}{}% 97
\BOOKMARK [0][-]{section*.35}{\376\377\123\302\200\003\145\207\163\056}{}% 98
\BOOKMARK [0][-]{appendix*.37}{\376\377\145\073\213\373\170\125\130\353\133\146\117\115\147\037\225\364\123\326\137\227\166\204\142\020\147\234}{}% 99
